[0m21:56:16.021611 [debug] [MainThread]: Sending event: {'category': 'dbt', 'action': 'invocation', 'label': 'start', 'context': [<snowplow_tracker.self_describing_json.SelfDescribingJson object at 0x0000019325A42660>, <snowplow_tracker.self_describing_json.SelfDescribingJson object at 0x0000019323578E10>, <snowplow_tracker.self_describing_json.SelfDescribingJson object at 0x000001932858FD90>]}


============================== 21:56:16.044091 | b731f523-0d51-4b74-9c7b-810211d93cf1 ==============================
[0m21:56:16.044091 [info ] [MainThread]: Running with dbt=1.12.3
[0m21:56:16.045408 [debug] [MainThread]: running dbt with arguments {'maximum_seed_size_mib': '1', 'no_print': 'None', 'static_parser': 'True', 'target_path': 'None', 'warn_error_options': 'WarnErrorOptionsV2(error=[], warn=[], silence=[])', 'version_check': 'True', 'printer_width': '80', 'write_json': 'True', 'introspect': 'True', 'log_cache_events': 'False', 'empty': 'None', 'cache_selected_only': 'False', 'fail_fast': 'False', 'debug': 'False', 'log_format': 'default', 'partial_parse': 'True', 'send_anonymous_usage_stats': 'True', 'quiet': 'False', 'warn_error': 'None', 'profiles_dir': 'C:\\Users\\DELL\\.dbt', 'use_colors': 'True', 'hints_enabled': 'True', 'invocation_command': 'dbt init dbt_sparkify', 'use_experimental_parser': 'False', 'indirect_selection': 'eager', 'log_path': 'logs'}
[0m21:56:16.208026 [info ] [MainThread]: Creating dbt configuration folder at C:\Users\DELL\.dbt
[0m21:56:16.211773 [debug] [MainThread]: Starter project path: D:\Taha\SMIT CDE\Sparkify-data-warehousing\Sparkify-data-warehousing\venv\Lib\site-packages\dbt\include\starter_project
[0m21:56:16.250306 [info ] [MainThread]: Setting up your profile.
[0m21:59:40.615335 [debug] [MainThread]: Snowflake adapter: Setting snowflake.connector to ERROR (file logging only)
[0m21:59:40.617780 [debug] [MainThread]: Snowflake adapter: Setting botocore to ERROR (file logging only)
[0m21:59:40.618820 [debug] [MainThread]: Snowflake adapter: Setting boto3 to ERROR (file logging only)
[0m22:00:43.990030 [info ] [MainThread]: Profile dbt_sparkify written to C:\Users\DELL\.dbt\profiles.yml using target's profile_template.yml and your supplied values.
[0m22:00:43.995302 [info ] [MainThread]: Running dbt debug to validate the project...
[0m22:00:43.996566 [info ] [MainThread]: dbt version: 1.12.3
[0m22:00:43.997798 [info ] [MainThread]: python version: 3.14.4
[0m22:00:43.999173 [info ] [MainThread]: python path: D:\Taha\SMIT CDE\Sparkify-data-warehousing\Sparkify-data-warehousing\venv\Scripts\python.exe
[0m22:00:44.002798 [info ] [MainThread]: os info: Windows-11-10.0.22631-SP0
[0m22:00:44.126876 [info ] [MainThread]: Using profiles dir at C:\Users\DELL\.dbt
[0m22:00:44.128008 [info ] [MainThread]: Using profiles.yml file at C:\Users\DELL\.dbt\profiles.yml
[0m22:00:44.128900 [info ] [MainThread]: Using dbt_project.yml file at D:\Taha\SMIT CDE\Sparkify-data-warehousing\Sparkify-data-warehousing\dbt_sparkify\dbt_project.yml
[0m22:00:44.131033 [info ] [MainThread]: adapter type: snowflake
[0m22:00:44.131872 [info ] [MainThread]: adapter version: 1.12.0
[0m22:00:44.289822 [info ] [MainThread]: Configuration:
[0m22:00:44.290703 [info ] [MainThread]:   profiles.yml file [[32mOK found and valid[0m]
[0m22:00:44.291904 [info ] [MainThread]:   dbt_project.yml file [[32mOK found and valid[0m]
[0m22:00:44.292712 [info ] [MainThread]: Required dependencies:
[0m22:00:44.293587 [debug] [MainThread]: Executing "git --help"
[0m22:00:44.362696 [debug] [MainThread]: STDOUT: "b"usage: git [-v | --version] [-h | --help] [-C <path>] [-c <name>=<value>]\n           [--exec-path[=<path>]] [--html-path] [--man-path] [--info-path]\n           [-p | --paginate | -P | --no-pager] [--no-replace-objects] [--no-lazy-fetch]\n           [--no-optional-locks] [--no-advice] [--bare] [--git-dir=<path>]\n           [--work-tree=<path>] [--namespace=<name>] [--config-env=<name>=<envvar>]\n           <command> [<args>]\n\nThese are common Git commands used in various situations:\n\nstart a working area (see also: git help tutorial)\n   clone      Clone a repository into a new directory\n   init       Create an empty Git repository or reinitialize an existing one\n\nwork on the current change (see also: git help everyday)\n   add        Add file contents to the index\n   mv         Move or rename a file, a directory, or a symlink\n   restore    Restore working tree files\n   rm         Remove files from the working tree and from the index\n\nexamine the history and state (see also: git help revisions)\n   bisect     Use binary search to find the commit that introduced a bug\n   diff       Show changes between commits, commit and working tree, etc\n   grep       Print lines matching a pattern\n   log        Show commit logs\n   show       Show various types of objects\n   status     Show the working tree status\n\ngrow, mark and tweak your common history\n   backfill   Download missing objects in a partial clone\n   branch     List, create, or delete branches\n   commit     Record changes to the repository\n   merge      Join two or more development histories together\n   rebase     Reapply commits on top of another base tip\n   reset      Reset current HEAD to the specified state\n   switch     Switch branches\n   tag        Create, list, delete or verify a tag object signed with GPG\n\ncollaborate (see also: git help workflows)\n   fetch      Download objects and refs from another repository\n   pull       Fetch from and integrate with another repository or a local branch\n   push       Update remote refs along with associated objects\n\n'git help -a' and 'git help -g' list available subcommands and some\nconcept guides. See 'git help <command>' or 'git help <concept>'\nto read about a specific subcommand or concept.\nSee 'git help git' for an overview of the system.\n""
[0m22:00:44.363359 [debug] [MainThread]: STDERR: "b''"
[0m22:00:44.363830 [info ] [MainThread]:  - git [[32mOK found[0m]

[0m22:00:44.364557 [info ] [MainThread]: Connection:
[0m22:00:44.365508 [info ] [MainThread]:   account: `KNEICLG-BUB47449
[0m22:00:44.366203 [info ] [MainThread]:   user: TAHAKHAN
[0m22:00:44.367022 [info ] [MainThread]:   database: sparkify
[0m22:00:44.367818 [info ] [MainThread]:   warehouse: sparkify_wh
[0m22:00:44.368582 [info ] [MainThread]:   role: sysadmin
[0m22:00:44.369362 [info ] [MainThread]:   schema: staging
[0m22:00:44.370322 [info ] [MainThread]:   authenticator: None
[0m22:00:44.371335 [info ] [MainThread]:   oauth_client_id: None
[0m22:00:44.372204 [info ] [MainThread]:   query_tag: None
[0m22:00:44.373080 [info ] [MainThread]:   client_session_keep_alive: False
[0m22:00:44.373917 [info ] [MainThread]:   host: None
[0m22:00:44.374715 [info ] [MainThread]:   port: None
[0m22:00:44.375483 [info ] [MainThread]:   proxy_host: None
[0m22:00:44.376371 [info ] [MainThread]:   proxy_port: None
[0m22:00:44.377185 [info ] [MainThread]:   protocol: None
[0m22:00:44.378533 [info ] [MainThread]:   connect_retries: 1
[0m22:00:44.380454 [info ] [MainThread]:   connect_timeout: None
[0m22:00:44.381595 [info ] [MainThread]:   retry_on_database_errors: False
[0m22:00:44.382937 [info ] [MainThread]:   retry_all: False
[0m22:00:44.383828 [info ] [MainThread]:   insecure_mode: False
[0m22:00:44.384547 [info ] [MainThread]:   reuse_connections: True
[0m22:00:44.385384 [info ] [MainThread]:   s3_stage_vpce_dns_name: None
[0m22:00:44.386145 [info ] [MainThread]:   workload_identity_provider: None
[0m22:00:44.386896 [info ] [MainThread]:   workload_identity_entra_resource: None
[0m22:00:44.387937 [info ] [MainThread]:   platform_detection_timeout_seconds: 0.0
[0m22:00:44.389556 [info ] [MainThread]: Registered adapter: snowflake=1.12.0
[0m22:00:46.775961 [debug] [MainThread]: Acquiring new snowflake connection 'debug'
[0m22:00:46.779377 [debug] [MainThread]: Using snowflake connection "debug"
[0m22:00:46.779859 [debug] [MainThread]: On debug: select 1 as id
[0m22:00:46.780244 [debug] [MainThread]: Opening a new connection, currently in state init
[0m22:00:46.798363 [debug] [MainThread]: Snowflake adapter: Error running SQL: select 1 as id
[0m22:00:46.798843 [debug] [MainThread]: Snowflake adapter: Rolling back transaction.
[0m22:00:46.799298 [info ] [MainThread]:   Connection test: [[31mERROR[0m]

[0m22:00:46.799987 [info ] [MainThread]: [31m1 check failed:[0m
[0m22:00:46.800865 [info ] [MainThread]: dbt was unable to connect to the specified database.
The database returned the following error:

  >Database Error
  251001: Invalid account identifier: only letters, digits, '_', '-' and '.' (as a label separator) allowed; no slashes or backslashes

Check your database credentials and try again. For more information, visit:
https://docs.getdbt.com/docs/configure-your-profile


[0m22:00:46.801714 [info ] [MainThread]: Your new dbt project "dbt_sparkify" was created!
Initialized new project in D:\Taha\SMIT CDE\Sparkify-data-warehousing\Sparkify-data-warehousing\dbt_sparkify\dbt_sparkify

For more information on how to configure the profiles.yml file,
please consult the dbt documentation here:

  https://docs.getdbt.com/docs/configure-your-profile

One more thing:

Need help? Don't hesitate to reach out to us via GitHub issues or on Slack:

  https://community.getdbt.com/

Happy modeling!

[0m22:00:46.802510 [info ] [MainThread]: [31mYour profile may need adjustments. You can find the logs of `dbt debug` above[0m
[0m22:00:46.804684 [debug] [MainThread]: Command `dbt init` succeeded at 22:00:46.804502 after 271.03 seconds
[0m22:00:46.805129 [debug] [MainThread]: Connection 'debug' was left open.
[0m22:00:46.805535 [debug] [MainThread]: On debug: No close available on handle
[0m22:00:46.805960 [debug] [MainThread]: Sending event: {'category': 'dbt', 'action': 'invocation', 'label': 'end', 'context': [<snowplow_tracker.self_describing_json.SelfDescribingJson object at 0x00000193283EEC40>, <snowplow_tracker.self_describing_json.SelfDescribingJson object at 0x000001932A42E7B0>, <snowplow_tracker.self_describing_json.SelfDescribingJson object at 0x000001932A38CF30>]}
[0m22:00:46.806452 [debug] [MainThread]: Flushing usage events
[0m22:00:49.913498 [debug] [MainThread]: An error was encountered while trying to flush usage events
[0m22:02:46.490853 [debug] [MainThread]: Sending event: {'category': 'dbt', 'action': 'invocation', 'label': 'start', 'context': [<snowplow_tracker.self_describing_json.SelfDescribingJson object at 0x0000023AF27F2660>, <snowplow_tracker.self_describing_json.SelfDescribingJson object at 0x0000023AF0328CD0>, <snowplow_tracker.self_describing_json.SelfDescribingJson object at 0x0000023AF533BD90>]}


============================== 22:02:46.514992 | e344e9d4-bc41-4313-9f42-fad883d2eb0b ==============================
[0m22:02:46.514992 [info ] [MainThread]: Running with dbt=1.12.3
[0m22:02:46.516416 [debug] [MainThread]: running dbt with arguments {'static_parser': 'True', 'no_print': 'None', 'maximum_seed_size_mib': '1', 'target_path': 'None', 'version_check': 'True', 'warn_error_options': 'WarnErrorOptionsV2(error=[], warn=[], silence=[])', 'printer_width': '80', 'write_json': 'True', 'empty': 'None', 'log_cache_events': 'False', 'introspect': 'True', 'cache_selected_only': 'False', 'log_format': 'default', 'debug': 'False', 'fail_fast': 'False', 'partial_parse': 'True', 'send_anonymous_usage_stats': 'True', 'quiet': 'False', 'warn_error': 'None', 'profiles_dir': 'C:\\Users\\DELL\\.dbt', 'invocation_command': 'dbt debug', 'hints_enabled': 'True', 'indirect_selection': 'eager', 'use_experimental_parser': 'False', 'use_colors': 'True', 'log_path': 'logs'}
[0m22:02:46.570274 [info ] [MainThread]: dbt version: 1.12.3
[0m22:02:46.571407 [info ] [MainThread]: python version: 3.14.4
[0m22:02:46.572416 [info ] [MainThread]: python path: D:\Taha\SMIT CDE\Sparkify-data-warehousing\Sparkify-data-warehousing\venv\Scripts\python.exe
[0m22:02:46.573213 [info ] [MainThread]: os info: Windows-11-10.0.22631-SP0
[0m22:02:47.704758 [debug] [MainThread]: Snowflake adapter: Setting snowflake.connector to ERROR (file logging only)
[0m22:02:48.391918 [debug] [MainThread]: Snowflake adapter: Setting botocore to ERROR (file logging only)
[0m22:02:48.392962 [debug] [MainThread]: Snowflake adapter: Setting boto3 to ERROR (file logging only)
[0m22:02:48.661778 [info ] [MainThread]: Using profiles dir at C:\Users\DELL\.dbt
[0m22:02:48.662641 [info ] [MainThread]: Using profiles.yml file at C:\Users\DELL\.dbt\profiles.yml
[0m22:02:48.663499 [info ] [MainThread]: Using dbt_project.yml file at D:\Taha\SMIT CDE\Sparkify-data-warehousing\Sparkify-data-warehousing\dbt_project.yml
[0m22:02:48.665546 [info ] [MainThread]: adapter type: snowflake
[0m22:02:48.666356 [info ] [MainThread]: adapter version: 1.12.0
[0m22:02:48.667165 [info ] [MainThread]: Configuration:
[0m22:02:48.668155 [info ] [MainThread]:   profiles.yml file [[32mOK found and valid[0m]
[0m22:02:48.668973 [info ] [MainThread]:   dbt_project.yml file [[31mERROR not found[0m]
[0m22:02:48.670317 [info ] [MainThread]: Required dependencies:
[0m22:02:48.675780 [debug] [MainThread]: Executing "git --help"
[0m22:02:48.762086 [debug] [MainThread]: STDOUT: "b"usage: git [-v | --version] [-h | --help] [-C <path>] [-c <name>=<value>]\n           [--exec-path[=<path>]] [--html-path] [--man-path] [--info-path]\n           [-p | --paginate | -P | --no-pager] [--no-replace-objects] [--no-lazy-fetch]\n           [--no-optional-locks] [--no-advice] [--bare] [--git-dir=<path>]\n           [--work-tree=<path>] [--namespace=<name>] [--config-env=<name>=<envvar>]\n           <command> [<args>]\n\nThese are common Git commands used in various situations:\n\nstart a working area (see also: git help tutorial)\n   clone      Clone a repository into a new directory\n   init       Create an empty Git repository or reinitialize an existing one\n\nwork on the current change (see also: git help everyday)\n   add        Add file contents to the index\n   mv         Move or rename a file, a directory, or a symlink\n   restore    Restore working tree files\n   rm         Remove files from the working tree and from the index\n\nexamine the history and state (see also: git help revisions)\n   bisect     Use binary search to find the commit that introduced a bug\n   diff       Show changes between commits, commit and working tree, etc\n   grep       Print lines matching a pattern\n   log        Show commit logs\n   show       Show various types of objects\n   status     Show the working tree status\n\ngrow, mark and tweak your common history\n   backfill   Download missing objects in a partial clone\n   branch     List, create, or delete branches\n   commit     Record changes to the repository\n   merge      Join two or more development histories together\n   rebase     Reapply commits on top of another base tip\n   reset      Reset current HEAD to the specified state\n   switch     Switch branches\n   tag        Create, list, delete or verify a tag object signed with GPG\n\ncollaborate (see also: git help workflows)\n   fetch      Download objects and refs from another repository\n   pull       Fetch from and integrate with another repository or a local branch\n   push       Update remote refs along with associated objects\n\n'git help -a' and 'git help -g' list available subcommands and some\nconcept guides. See 'git help <command>' or 'git help <concept>'\nto read about a specific subcommand or concept.\nSee 'git help git' for an overview of the system.\n""
[0m22:02:48.762708 [debug] [MainThread]: STDERR: "b''"
[0m22:02:48.763350 [info ] [MainThread]:  - git [[32mOK found[0m]

[0m22:02:48.764568 [info ] [MainThread]: Connection:
[0m22:02:48.765692 [info ] [MainThread]:   account: KNEICLG-BUB47449
[0m22:02:48.766800 [info ] [MainThread]:   user: TAHAKHAN
[0m22:02:48.767846 [info ] [MainThread]:   database: sparkify
[0m22:02:48.768531 [info ] [MainThread]:   warehouse: sparkify_wh
[0m22:02:48.769450 [info ] [MainThread]:   role: sysadmin
[0m22:02:48.770824 [info ] [MainThread]:   schema: staging
[0m22:02:48.772094 [info ] [MainThread]:   authenticator: None
[0m22:02:48.774427 [info ] [MainThread]:   oauth_client_id: None
[0m22:02:48.775981 [info ] [MainThread]:   query_tag: None
[0m22:02:48.777451 [info ] [MainThread]:   client_session_keep_alive: False
[0m22:02:48.779160 [info ] [MainThread]:   host: None
[0m22:02:48.780153 [info ] [MainThread]:   port: None
[0m22:02:48.781346 [info ] [MainThread]:   proxy_host: None
[0m22:02:48.786328 [info ] [MainThread]:   proxy_port: None
[0m22:02:48.787402 [info ] [MainThread]:   protocol: None
[0m22:02:48.788120 [info ] [MainThread]:   connect_retries: 1
[0m22:02:48.788912 [info ] [MainThread]:   connect_timeout: None
[0m22:02:48.789625 [info ] [MainThread]:   retry_on_database_errors: False
[0m22:02:48.790239 [info ] [MainThread]:   retry_all: False
[0m22:02:48.790872 [info ] [MainThread]:   insecure_mode: False
[0m22:02:48.791742 [info ] [MainThread]:   reuse_connections: True
[0m22:02:48.792831 [info ] [MainThread]:   s3_stage_vpce_dns_name: None
[0m22:02:48.794072 [info ] [MainThread]:   workload_identity_provider: None
[0m22:02:48.794839 [info ] [MainThread]:   workload_identity_entra_resource: None
[0m22:02:48.796008 [info ] [MainThread]:   platform_detection_timeout_seconds: 0.0
[0m22:02:48.797258 [info ] [MainThread]: Registered adapter: snowflake=1.12.0
[0m22:02:49.339194 [debug] [MainThread]: Acquiring new snowflake connection 'debug'
[0m22:02:49.342841 [debug] [MainThread]: Using snowflake connection "debug"
[0m22:02:49.343316 [debug] [MainThread]: On debug: select 1 as id
[0m22:02:49.343693 [debug] [MainThread]: Opening a new connection, currently in state init
[0m22:02:55.283044 [debug] [MainThread]: SQL status: SUCCESS 1 in 5.939 seconds
[0m22:02:55.290318 [info ] [MainThread]:   Connection test: [[32mOK connection ok[0m]

[0m22:02:55.293537 [info ] [MainThread]: [31m1 check failed:[0m
[0m22:02:55.296901 [info ] [MainThread]: Project loading failed for the following reason:
 project path <D:\Taha\SMIT CDE\Sparkify-data-warehousing\Sparkify-data-warehousing\dbt_project.yml> not found

[0m22:02:55.306093 [debug] [MainThread]: Command `dbt debug` failed at 22:02:55.304987 after 9.07 seconds
[0m22:02:55.309105 [debug] [MainThread]: Connection 'debug' was left open.
[0m22:02:55.310864 [debug] [MainThread]: On debug: Close
[0m22:02:56.104740 [debug] [MainThread]: Sending event: {'category': 'dbt', 'action': 'invocation', 'label': 'end', 'context': [<snowplow_tracker.self_describing_json.SelfDescribingJson object at 0x0000023AF6D0EC40>, <snowplow_tracker.self_describing_json.SelfDescribingJson object at 0x0000023AF0031010>, <snowplow_tracker.self_describing_json.SelfDescribingJson object at 0x0000023AF703DBF0>]}
[0m22:02:56.106113 [debug] [MainThread]: Flushing usage events
[0m22:02:59.188051 [debug] [MainThread]: An error was encountered while trying to flush usage events
